src/middleware/logging.ts(22,17): error TS1127: Invalid character.
src/middleware/logging.ts(22,18): error TS1127: Invalid character.
src/middleware/logging.ts(22,21): error TS1127: Invalid character.
src/services/AuthService.ts(9,83): error TS1002: Unterminated string literal.
src/services/AuthService.ts(10,5): error TS1005: ',' expected.
src/services/AuthService.ts(31,80): error TS1002: Unterminated string literal.
src/services/AuthService.ts(32,5): error TS1005: ',' expected.
src/services/EncounterService.ts(7,57): error TS1005: ':' expected.
src/services/EncounterService.ts(7,59): error TS1002: Unterminated string literal.
src/services/EncounterService.ts(15,79): error TS1002: Unterminated string literal.
src/services/EncounterService.ts(16,5): error TS1005: ',' expected.
src/services/PatientService.ts(8,74): error TS1002: Unterminated string literal.
src/services/PatientService.ts(15,77): error TS1002: Unterminated string literal.
src/services/PatientService.ts(16,5): error TS1005: ',' expected.
src/services/PatientService.ts(38,75): error TS1002: Unterminated string literal.
src/services/PatientService.ts(39,5): error TS1005: ',' expected.
